
> axis-pro@1.0.0 build
> next build

Ôû▓ Next.js 16.1.6 (Turbopack)
- Environments: .env.local

  Creating an optimized production build ...
Ô£ô Compiled successfully in 6.8s
  Running TypeScript ...
node.exe : Failed to compile.
En C:\Program Files\nodejs\npm.ps1: 29 Carácter: 3
+   & $NODE_EXE $NPM_CLI_JS $args
+   ~~~~~~~~~~~~~~~~~~~~~~~~~~~~~
    + CategoryInfo          : NotSpecified: (Failed to com 
   pile.:String) [], RemoteException
    + FullyQualifiedErrorId : NativeCommandError
 

./src/app/trace/[id]/page.tsx:19:32
Type error: Expected 2 arguments, but got 1.

[0m [90m 17 |[39m     [36mconst[39m fetchStory 
[33m=[39m [36masync[39m () [33m=>[39m {
 [90m 18 |[39m         [36mtry[39m {
[31m[1m>[22m[39m[90m 19 |[39m             
[36mconst[39m data [33m=[39m [36mawait[39m 
getBatchStory(id)[33m;[39m
 [90m    |[39m                                
[31m[1m^[22m[39m
 [90m 20 |[39m             setStory(data)[33m;[39m
 [90m 21 |[39m         } [36mcatch[39m (err) {
 [90m 22 |[39m             
console[33m.[39merror([32m"Error fetching 
story:"[39m[33m,[39m err)[33m;[39m[0m
Next.js build worker exited with code: 1 and signal: null
